I'm sorry, but errors were detected in your script. Please correct the
errors listed below, and try again.


File "game/script.rpy", line 23: expected statement.
    name = renpy.input("Пожалуйста, введите ваше имя: ")
         ^

Ren'Py Version: Ren'Py 8.1.3.23091805
Mon Oct  2 22:01:36 2023
